map_index:
  - id: 10
    map_name: map-name
    repo_url: http://map-repo-url
    category_id: 1
    version: 100
  - id: 20
    map_name: map-name-updated
    repo_url: http://map-repo-url-2
    category_id: 1
    version: 1000
