map_index:
  - map_name: map-name
    repo_url: "http-map-repo-url"
    description: description-repo-1
    download_url: 'http-map-repo-url/archives/master.zip'
    preview_image_url: 'http-preview-image-url'
    download_size_bytes: 4000
    last_commit_date: 2000-12-01 23:59:20.0
  - map_name: map-name-2
    repo_url: "http-map-repo-url-2"
    description: description-repo-2
    download_url: 'http-map-repo-url-2/archives/master.zip'
    preview_image_url: 'http-preview-image-url-2'
    download_size_bytes: 1000
    last_commit_date: 2016-01-01 23:59:20.0
  - map_name: map-name-3
    repo_url: "http-map-repo-url-3"
    description: description
    download_url: 'http-map-repo-3-download'
    preview_image_url: 'http-preview-image-url-3'
    download_size_bytes: 3080
    last_commit_date: 2000-01-12 23:59:00.0
